%!Adobe-FontList 1.05

%BeginFont
Handler:DirectoryHandler
FontType:TrueType
FontName:Helvetica-BlackOblique
FamilyName:Helvetica
StyleName:Black Oblique
FullName:Helvetica-Black Oblique
WritingScript:Roman
OutlineFileName:F:\Documents and Settings\Administrator\πŸ≈¡ »≠∏È\2006.6πŸ≈¡\Font\Helvetica Black Oblique.ttf
DataFormat:sfntData
FileLength:41604
WeightClass:900
WidthClass:5
AngleClass:1
%EndFont

%BeginFont
Handler:DirectoryHandler
FontType:TrueType
FontName:Helvetica95-Black
FamilyName:Helvetica95-Black
StyleName:Black
FullName:Helvetica95-Black
WritingScript:Roman
OutlineFileName:F:\Documents and Settings\Administrator\πŸ≈¡ »≠∏È\2006.6πŸ≈¡\Font\Helvetica Black.ttf
DataFormat:sfntData
FileLength:42964
WeightClass:900
WidthClass:5
AngleClass:0
%EndFont

%BeginFont
Handler:DirectoryHandler
FontType:TrueType
FontName:Helvetica-BoldOblique
FamilyName:Helvetica
StyleName:Bold Oblique
FullName:Helvetica Bold Oblique
WritingScript:Roman
OutlineFileName:F:\Documents and Settings\Administrator\πŸ≈¡ »≠∏È\2006.6πŸ≈¡\Font\Helvetica Bold Oblique.ttf
DataFormat:sfntData
FileLength:79884
WeightClass:700
WidthClass:5
AngleClass:1
%EndFont

%BeginFont
Handler:DirectoryHandler
FontType:TrueType
FontName:Helvetica75-Bold
FamilyName:Helvetica75
StyleName:Bold
FullName:Helvetica75-Bold
WritingScript:Roman
OutlineFileName:F:\Documents and Settings\Administrator\πŸ≈¡ »≠∏È\2006.6πŸ≈¡\Font\Helvetica Bold.ttf
DataFormat:sfntData
FileLength:42396
WeightClass:700
WidthClass:5
AngleClass:0
%EndFont

%BeginFont
Handler:DirectoryHandler
FontType:TrueType
FontName:Helvetica-Compressed
FamilyName:Helvetica
StyleName:Compressed
FullName:Helvetica-Compressed
WritingScript:Roman
OutlineFileName:F:\Documents and Settings\Administrator\πŸ≈¡ »≠∏È\2006.6πŸ≈¡\Font\Helvetica Compressed.ttf
DataFormat:sfntData
FileLength:41460
WeightClass:400
WidthClass:2
AngleClass:0
%EndFont

%BeginFont
Handler:DirectoryHandler
FontType:TrueType
FontName:Helvetica-CondBlkObl
FamilyName:Helvetica-CondensedBlack
StyleName:BlackItalic
FullName:Helvetica-CondensedBlack Oblique
WritingScript:Roman
OutlineFileName:F:\Documents and Settings\Administrator\πŸ≈¡ »≠∏È\2006.6πŸ≈¡\Font\Helvetica Condensed Black Oblique.ttf
DataFormat:sfntData
FileLength:44236
WeightClass:900
WidthClass:7
AngleClass:0
%EndFont

%BeginFont
Handler:DirectoryHandler
FontType:TrueType
FontName:Helvetica-CondensedBlack
FamilyName:Helvetica-CondensedBlack
StyleName:Black
FullName:Helvetica-CondensedBlack
WritingScript:Roman
OutlineFileName:F:\Documents and Settings\Administrator\πŸ≈¡ »≠∏È\2006.6πŸ≈¡\Font\Helvetica Condensed Black.ttf
DataFormat:sfntData
FileLength:44912
WeightClass:900
WidthClass:7
AngleClass:0
%EndFont

%BeginFont
Handler:DirectoryHandler
FontType:TrueType
FontName:Helvetica-CondBoldObl
FamilyName:Helvetica-Condensed
StyleName:BoldItalic
FullName:Helvetica-Condensed Bold Oblique
WritingScript:Roman
OutlineFileName:F:\Documents and Settings\Administrator\πŸ≈¡ »≠∏È\2006.6πŸ≈¡\Font\Helvetica Condensed Bold Oblique.ttf
DataFormat:sfntData
FileLength:46172
WeightClass:700
WidthClass:7
AngleClass:0
%EndFont

%BeginFont
Handler:DirectoryHandler
FontType:TrueType
FontName:Helvetica-CondensedBold
FamilyName:Helvetica-Condensed
StyleName:Bold
FullName:Helvetica-Condensed Bold
WritingScript:Roman
OutlineFileName:F:\Documents and Settings\Administrator\πŸ≈¡ »≠∏È\2006.6πŸ≈¡\Font\Helvetica Condensed Bold.ttf
DataFormat:sfntData
FileLength:46836
WeightClass:700
WidthClass:7
AngleClass:0
%EndFont

%BeginFont
Handler:DirectoryHandler
FontType:TrueType
FontName:Helvetica-CondLtObl
FamilyName:Helvetica-CondensedLight
StyleName:LightItalic
FullName:Helvetica-CondensedLight Oblique
WritingScript:Roman
OutlineFileName:F:\Documents and Settings\Administrator\πŸ≈¡ »≠∏È\2006.6πŸ≈¡\Font\Helvetica Condensed Light Oblique.ttf
DataFormat:sfntData
FileLength:46056
WeightClass:300
WidthClass:7
AngleClass:0
%EndFont

%BeginFont
Handler:DirectoryHandler
FontType:TrueType
FontName:Helvetica-CondensedLight
FamilyName:Helvetica-CondensedLight
StyleName:Light
FullName:Helvetica-CondensedLight
WritingScript:Roman
OutlineFileName:F:\Documents and Settings\Administrator\πŸ≈¡ »≠∏È\2006.6πŸ≈¡\Font\Helvetica Condensed Light.ttf
DataFormat:sfntData
FileLength:46020
WeightClass:300
WidthClass:7
AngleClass:0
%EndFont

%BeginFont
Handler:DirectoryHandler
FontType:TrueType
FontName:Helvetica-CondensedOblique
FamilyName:Helvetica-Condensed
StyleName:RomanItalic
FullName:Helvetica-Condensed Oblique
WritingScript:Roman
OutlineFileName:F:\Documents and Settings\Administrator\πŸ≈¡ »≠∏È\2006.6πŸ≈¡\Font\Helvetica Condensed Oblique.ttf
DataFormat:sfntData
FileLength:44528
WeightClass:400
WidthClass:7
AngleClass:0
%EndFont

%BeginFont
Handler:DirectoryHandler
FontType:TrueType
FontName:Helvetica57-Condensed
FamilyName:Helvetica57-Condensed
StyleName:Roman
FullName:Helvetica57-Condensed
WritingScript:Roman
OutlineFileName:F:\Documents and Settings\Administrator\πŸ≈¡ »≠∏È\2006.6πŸ≈¡\Font\Helvetica Condensed.ttf
DataFormat:sfntData
FileLength:43488
WeightClass:400
WidthClass:7
AngleClass:0
%EndFont

%BeginFont
Handler:DirectoryHandler
FontType:TrueType
FontName:Helvetica93-ExtendedBlack
FamilyName:Helvetica93-ExtendedBlack
StyleName:Black
FullName:Helvetica93-ExtendedBlack
WritingScript:Roman
OutlineFileName:F:\Documents and Settings\Administrator\πŸ≈¡ »≠∏È\2006.6πŸ≈¡\Font\Helvetica Extended Black.ttf
DataFormat:sfntData
FileLength:42292
WeightClass:900
WidthClass:7
AngleClass:0
%EndFont

%BeginFont
Handler:DirectoryHandler
FontType:TrueType
FontName:Helvetica73-ExtendedBold
FamilyName:Helvetica73-Extended
StyleName:Bold
FullName:Helvetica73-Extended Bold
WritingScript:Roman
OutlineFileName:F:\Documents and Settings\Administrator\πŸ≈¡ »≠∏È\2006.6πŸ≈¡\Font\Helvetica Extended Bold.ttf
DataFormat:sfntData
FileLength:41948
WeightClass:700
WidthClass:7
AngleClass:0
%EndFont

%BeginFont
Handler:DirectoryHandler
FontType:TrueType
FontName:Helvetica83-ExtendedHeavy
FamilyName:Helvetica83-ExtendedHeavy
StyleName:Heavy
FullName:Helvetica83-ExtendedHeavy
WritingScript:Roman
OutlineFileName:F:\Documents and Settings\Administrator\πŸ≈¡ »≠∏È\2006.6πŸ≈¡\Font\Helvetica Extended Heavy.ttf
DataFormat:sfntData
FileLength:42060
WeightClass:900
WidthClass:7
AngleClass:0
%EndFont

%BeginFont
Handler:DirectoryHandler
FontType:TrueType
FontName:Helvetica43-ExtendedLight
FamilyName:Helvetica43-ExtendedLight
StyleName:Light
FullName:Helvetica43-ExtendedLight
WritingScript:Roman
OutlineFileName:F:\Documents and Settings\Administrator\πŸ≈¡ »≠∏È\2006.6πŸ≈¡\Font\Helvetica Extended Light.ttf
DataFormat:sfntData
FileLength:42840
WeightClass:300
WidthClass:7
AngleClass:0
%EndFont

%BeginFont
Handler:DirectoryHandler
FontType:TrueType
FontName:HelveticaNeue-MediumExtOblique
FamilyName:HelveticaNeue MediumExt
StyleName:Oblique
FullName:Helvetica 63 Medium Extended Oblique
WritingScript:Roman
OutlineFileName:F:\Documents and Settings\Administrator\πŸ≈¡ »≠∏È\2006.6πŸ≈¡\Font\Helvetica Extended Medium Oblique.ttf
DataFormat:sfntData
FileLength:39736
WeightClass:500
WidthClass:5
AngleClass:1
%EndFont

%BeginFont
Handler:DirectoryHandler
FontType:TrueType
FontName:Helvetica63-ExtendedMedium
FamilyName:Helvetica63-ExtendedMedium
StyleName:Medium
FullName:Helvetica63-ExtendedMedium
WritingScript:Roman
OutlineFileName:F:\Documents and Settings\Administrator\πŸ≈¡ »≠∏È\2006.6πŸ≈¡\Font\Helvetica Extended Medium.ttf
DataFormat:sfntData
FileLength:43356
WeightClass:500
WidthClass:7
AngleClass:0
%EndFont

%BeginFont
Handler:DirectoryHandler
FontType:TrueType
FontName:Helvetica33-ExtendedThin
FamilyName:Helvetica33-ExtendedThin
StyleName:Thin
FullName:Helvetica33-ExtendedThin
WritingScript:Roman
OutlineFileName:F:\Documents and Settings\Administrator\πŸ≈¡ »≠∏È\2006.6πŸ≈¡\Font\Helvetica Extended Thin.ttf
DataFormat:sfntData
FileLength:43528
WeightClass:100
WidthClass:7
AngleClass:0
%EndFont

%BeginFont
Handler:DirectoryHandler
FontType:TrueType
FontName:Helvetica53-Extended
FamilyName:Helvetica53-Extended
StyleName:Roman
FullName:Helvetica53-Extended
WritingScript:Roman
OutlineFileName:F:\Documents and Settings\Administrator\πŸ≈¡ »≠∏È\2006.6πŸ≈¡\Font\Helvetica Extended.ttf
DataFormat:sfntData
FileLength:42032
WeightClass:400
WidthClass:7
AngleClass:0
%EndFont

%BeginFont
Handler:DirectoryHandler
FontType:TrueType
FontName:Helvetica-ExtraCompressed
FamilyName:Helvetica
StyleName:Extra Compressed
FullName:Helvetica-ExtraCompressed
WritingScript:Roman
OutlineFileName:F:\Documents and Settings\Administrator\πŸ≈¡ »≠∏È\2006.6πŸ≈¡\Font\Helvetica Extra Compressed.ttf
DataFormat:sfntData
FileLength:41712
WeightClass:400
WidthClass:1
AngleClass:0
%EndFont

%BeginFont
Handler:DirectoryHandler
FontType:TrueType
FontName:HelveticaFractions-Bold
FamilyName:HelveticaFractions
StyleName:Bold
FullName:HelveticaFractions-Bold
WritingScript:Roman
OutlineFileName:F:\Documents and Settings\Administrator\πŸ≈¡ »≠∏È\2006.6πŸ≈¡\Font\Helvetica Fractions Bold.ttf
DataFormat:sfntData
FileLength:22216
WeightClass:700
WidthClass:5
AngleClass:0
%EndFont

%BeginFont
Handler:DirectoryHandler
FontType:TrueType
FontName:HelveticaFractions
FamilyName:HelveticaFractions
StyleName:Roman
FullName:HelveticaFractions
WritingScript:Roman
OutlineFileName:F:\Documents and Settings\Administrator\πŸ≈¡ »≠∏È\2006.6πŸ≈¡\Font\Helvetica Fractions.ttf
DataFormat:sfntData
FileLength:21568
WeightClass:400
WidthClass:5
AngleClass:0
%EndFont

%BeginFont
Handler:DirectoryHandler
FontType:TrueType
FontName:HelveticaInserat
FamilyName:HelveticaInserat
StyleName:Roman
FullName:HelveticaInserat
WritingScript:Roman
OutlineFileName:F:\Documents and Settings\Administrator\πŸ≈¡ »≠∏È\2006.6πŸ≈¡\Font\Helvetica Inserat.ttf
DataFormat:sfntData
FileLength:42636
WeightClass:400
WidthClass:5
AngleClass:0
%EndFont

%BeginFont
Handler:DirectoryHandler
FontType:TrueType
FontName:Helvetica-LightOblique
FamilyName:Helvetica
StyleName:Light Oblique
FullName:Helvetica-Light Oblique
WritingScript:Roman
OutlineFileName:F:\Documents and Settings\Administrator\πŸ≈¡ »≠∏È\2006.6πŸ≈¡\Font\Helvetica Light Oblique.ttf
DataFormat:sfntData
FileLength:43336
WeightClass:300
WidthClass:5
AngleClass:1
%EndFont

%BeginFont
Handler:DirectoryHandler
FontType:TrueType
FontName:Helvetica-Light
FamilyName:Helvetica
StyleName:Light
FullName:Helvetica-Light
WritingScript:Roman
OutlineFileName:F:\Documents and Settings\Administrator\πŸ≈¡ »≠∏È\2006.6πŸ≈¡\Font\Helvetica Light.ttf
DataFormat:sfntData
FileLength:42568
WeightClass:300
WidthClass:5
AngleClass:0
%EndFont

%BeginFont
Handler:DirectoryHandler
FontType:TrueType
FontName:HelveticaNarrowBoldLefty
FamilyName:Helvetica-Narrow-Bold Lefty
StyleName:Regular
FullName:Helvetica Narrow Bold Lefty
WritingScript:Roman
OutlineFileName:F:\Documents and Settings\Administrator\πŸ≈¡ »≠∏È\2006.6πŸ≈¡\Font\Helvetica Narrow Bold Lefty.ttf
DataFormat:sfntData
FileLength:43996
WeightClass:500
WidthClass:5
AngleClass:0
%EndFont

%BeginFont
Handler:DirectoryHandler
FontType:TrueType
FontName:Helvetica-Narrow-BoldOblique
FamilyName:Helvetica
StyleName:Bold Narrow Oblique
FullName:Helvetica Narrow Bold Oblique
WritingScript:Roman
OutlineFileName:F:\Documents and Settings\Administrator\πŸ≈¡ »≠∏È\2006.6πŸ≈¡\Font\Helvetica Narrow Bold Oblique.ttf
DataFormat:sfntData
FileLength:78820
WeightClass:700
WidthClass:4
AngleClass:1
%EndFont

%BeginFont
Handler:DirectoryHandler
FontType:TrueType
FontName:Helvetica-Narrow-Bold
FamilyName:Helvetica
StyleName:Bold Narrow
FullName:Helvetica Narrow Bold
WritingScript:Roman
OutlineFileName:F:\Documents and Settings\Administrator\πŸ≈¡ »≠∏È\2006.6πŸ≈¡\Font\Helvetica Narrow Bold.ttf
DataFormat:sfntData
FileLength:84056
WeightClass:700
WidthClass:4
AngleClass:0
%EndFont

%BeginFont
Handler:DirectoryHandler
FontType:TrueType
FontName:HelveticaNarrowLefty
FamilyName:Helvetica-Narrow Lefty
StyleName:Regular
FullName:Helvetica Narrow Lefty
WritingScript:Roman
OutlineFileName:F:\Documents and Settings\Administrator\πŸ≈¡ »≠∏È\2006.6πŸ≈¡\Font\Helvetica Narrow Lefty.ttf
DataFormat:sfntData
FileLength:44028
WeightClass:500
WidthClass:5
AngleClass:0
%EndFont

%BeginFont
Handler:DirectoryHandler
FontType:TrueType
FontName:Helvetica-Narrow-Oblique
FamilyName:Helvetica
StyleName:Narrow Oblique
FullName:Helvetica Narrow Oblique
WritingScript:Roman
OutlineFileName:F:\Documents and Settings\Administrator\πŸ≈¡ »≠∏È\2006.6πŸ≈¡\Font\Helvetica Narrow Oblique.ttf
DataFormat:sfntData
FileLength:78448
WeightClass:400
WidthClass:4
AngleClass:1
%EndFont

%BeginFont
Handler:DirectoryHandler
FontType:TrueType
FontName:Helvetica-Narrow
FamilyName:Helvetica
StyleName:Narrow
FullName:Helvetica Narrow
WritingScript:Roman
OutlineFileName:F:\Documents and Settings\Administrator\πŸ≈¡ »≠∏È\2006.6πŸ≈¡\Font\Helvetica Narrow.ttf
DataFormat:sfntData
FileLength:83792
WeightClass:400
WidthClass:4
AngleClass:0
%EndFont

%BeginFont
Handler:DirectoryHandler
FontType:TrueType
FontName:Helvetica-Oblique
FamilyName:Helvetica
StyleName:Oblique
FullName:Helvetica Oblique
WritingScript:Roman
OutlineFileName:F:\Documents and Settings\Administrator\πŸ≈¡ »≠∏È\2006.6πŸ≈¡\Font\Helvetica Oblique.ttf
DataFormat:sfntData
FileLength:78116
WeightClass:400
WidthClass:5
AngleClass:1
%EndFont

%BeginFont
Handler:DirectoryHandler
FontType:TrueType
FontName:HelveticaRounded-BlackOblique
FamilyName:HelveticaRounded-Black
StyleName:BlackItalic
FullName:HelveticaRounded-Black Oblique
WritingScript:Roman
OutlineFileName:F:\Documents and Settings\Administrator\πŸ≈¡ »≠∏È\2006.6πŸ≈¡\Font\Helvetica Rounded Black Oblique.ttf
DataFormat:sfntData
FileLength:54848
WeightClass:900
WidthClass:5
AngleClass:0
%EndFont

%BeginFont
Handler:DirectoryHandler
FontType:TrueType
FontName:HelveticaRounded-Black
FamilyName:Helvetica Rounded
StyleName:Black
FullName:HelveticaRounded-Black
WritingScript:Roman
OutlineFileName:F:\Documents and Settings\Administrator\πŸ≈¡ »≠∏È\2006.6πŸ≈¡\Font\Helvetica Rounded Black.ttf
DataFormat:sfntData
FileLength:49396
WeightClass:900
WidthClass:5
AngleClass:0
%EndFont

%BeginFont
Handler:DirectoryHandler
FontType:TrueType
FontName:HelveticaRounded-BoldOblique
FamilyName:HelveticaRounded
StyleName:BoldItalic
FullName:HelveticaRounded-Bold Oblique
WritingScript:Roman
OutlineFileName:F:\Documents and Settings\Administrator\πŸ≈¡ »≠∏È\2006.6πŸ≈¡\Font\Helvetica Rounded Bold Oblique.ttf
DataFormat:sfntData
FileLength:56476
WeightClass:700
WidthClass:5
AngleClass:0
%EndFont

%BeginFont
Handler:DirectoryHandler
FontType:TrueType
FontName:HelveticaRounded-Bold
FamilyName:Helvetica Rounded
StyleName:Bold
FullName:HelveticaRounded-Bold
WritingScript:Roman
OutlineFileName:F:\Documents and Settings\Administrator\πŸ≈¡ »≠∏È\2006.6πŸ≈¡\Font\Helvetica Rounded Bold.ttf
DataFormat:sfntData
FileLength:50160
WeightClass:700
WidthClass:5
AngleClass:0
%EndFont

%BeginFont
Handler:DirectoryHandler
FontType:TrueType
FontName:HelveticaRounded-CondBoldObl
FamilyName:HelveticaRounded-Condensed
StyleName:BoldItalic
FullName:HelveticaRounded-Condensed Bold Oblique
WritingScript:Roman
OutlineFileName:F:\Documents and Settings\Administrator\πŸ≈¡ »≠∏È\2006.6πŸ≈¡\Font\Helvetica Rounded Condensed Bold Oblique.ttf
DataFormat:sfntData
FileLength:55404
WeightClass:700
WidthClass:7
AngleClass:0
%EndFont

%BeginFont
Handler:DirectoryHandler
FontType:TrueType
FontName:HelveticaRounded-CondBold
FamilyName:HelveticaRounded-Condensed
StyleName:Bold
FullName:HelveticaRounded-Condensed Bold
WritingScript:Roman
OutlineFileName:F:\Documents and Settings\Administrator\πŸ≈¡ »≠∏È\2006.6πŸ≈¡\Font\Helvetica Rounded Condensed Bold.ttf
DataFormat:sfntData
FileLength:50492
WeightClass:700
WidthClass:7
AngleClass:0
%EndFont

%BeginFont
Handler:DirectoryHandler
FontType:TrueType
FontName:Helvetica-UltraCompressed
FamilyName:Helvetica
StyleName:Ultra Compressed
FullName:Helvetica-UltraCompressed
WritingScript:Roman
OutlineFileName:F:\Documents and Settings\Administrator\πŸ≈¡ »≠∏È\2006.6πŸ≈¡\Font\Helvetica Ultra Compressed.ttf
DataFormat:sfntData
FileLength:42048
WeightClass:800
WidthClass:1
AngleClass:0
%EndFont

%BeginFont
Handler:DirectoryHandler
FontType:TrueType
FontName:Helvetica
FamilyName:Helvetica
StyleName:Medium
FullName:Helvetica
WritingScript:Roman
OutlineFileName:F:\Documents and Settings\Administrator\πŸ≈¡ »≠∏È\2006.6πŸ≈¡\Font\Helvetica.ttf
DataFormat:sfntData
FileLength:83644
WeightClass:400
WidthClass:5
AngleClass:0
%EndFont

